
       __|  __|_  )
       _|  (     /   Amazon Linux 2 AMI
      ___|\___|___|

https://aws.amazon.com/amazon-linux-2/
[ec2-user@ip-172-31-45-63 ~]$ sudo yum update
Loaded plugins: extras_suggestions, langpacks, priorities, update-motd
amzn2-core                                                                                                                                                                                  | 3.7 kB  00:00:00     
No packages marked for update
[ec2-user@ip-172-31-45-63 ~]$ sudo -i
[root@ip-172-31-45-63 ~]# amazon-linux-extras install epel
Installing epel-release
Loaded plugins: extras_suggestions, langpacks, priorities, update-motd
Cleaning repos: amzn2-core amzn2extra-docker amzn2extra-epel amzn2extra-kernel-5.10
17 metadata files removed
6 sqlite files removed
0 metadata files removed
Loaded plugins: extras_suggestions, langpacks, priorities, update-motd
amzn2-core                                                                                                                                                                                  | 3.7 kB  00:00:00     
amzn2extra-docker                                                                                                                                                                           | 3.0 kB  00:00:00     
amzn2extra-epel                                                                                                                                                                             | 3.0 kB  00:00:00     
amzn2extra-kernel-5.10                                                                                                                                                                      | 3.0 kB  00:00:00     
(1/9): amzn2-core/2/x86_64/group_gz                                                                                                                                                         | 2.5 kB  00:00:00     
(2/9): amzn2-core/2/x86_64/updateinfo                                                                                                                                                       | 583 kB  00:00:00     
(3/9): amzn2extra-epel/2/x86_64/primary_db                                                                                                                                                  | 1.8 kB  00:00:00     
(4/9): amzn2extra-kernel-5.10/2/x86_64/updateinfo                                                                                                                                           |  26 kB  00:00:00     
(5/9): amzn2extra-docker/2/x86_64/updateinfo                                                                                                                                                | 8.0 kB  00:00:00     
(6/9): amzn2extra-epel/2/x86_64/updateinfo                                                                                                                                                  |   76 B  00:00:00     
(7/9): amzn2extra-docker/2/x86_64/primary_db                                                                                                                                                | 103 kB  00:00:00     
(8/9): amzn2extra-kernel-5.10/2/x86_64/primary_db                                                                                                                                           |  16 MB  00:00:00     
(9/9): amzn2-core/2/x86_64/primary_db                                                                                                                                                       |  70 MB  00:00:01     
Resolving Dependencies
--> Running transaction check
---> Package epel-release.noarch 0:7-11 will be installed
--> Finished Dependency Resolution

Dependencies Resolved

===================================================================================================================================================================================================================
 Package                                              Arch                                           Version                                         Repository                                               Size
===================================================================================================================================================================================================================
Installing:
 epel-release                                         noarch                                         7-11                                            amzn2extra-epel                                          15 k

Transaction Summary
===================================================================================================================================================================================================================
Install  1 Package

Total download size: 15 k
Installed size: 24 k
Is this ok [y/d/N]: y
Downloading packages:
epel-release-7-11.noarch.rpm                                                                                                                                                                |  15 kB  00:00:00     
Running transaction check
Running transaction test
Transaction test succeeded
Running transaction
  Installing : epel-release-7-11.noarch                                                                                                                                                                        1/1 
  Verifying  : epel-release-7-11.noarch                                                                                                                                                                        1/1 

Installed:
  epel-release.noarch 0:7-11                                                                                                                                                                                       

Complete!
  0  ansible2                 available    \
        [ =2.4.2  =2.4.6  =2.8  =stable ]
  2  httpd_modules            available    [ =1.0  =stable ]
  3  memcached1.5             available    \
        [ =1.5.1  =1.5.16  =1.5.17 ]
  6  postgresql10             available    [ =10  =stable ]
  9  R3.4                     available    [ =3.4.3  =stable ]
 10  rust1                    available    \
        [ =1.22.1  =1.26.0  =1.26.1  =1.27.2  =1.31.0  =1.38.0
          =stable ]
 18  libreoffice              available    \
        [ =5.0.6.2_15  =5.3.6.1  =stable ]
 19  gimp                     available    [ =2.8.22 ]
 20  docker=latest            enabled      \
        [ =17.12.1  =18.03.1  =18.06.1  =18.09.9  =stable ]
 21  mate-desktop1.x          available    \
        [ =1.19.0  =1.20.0  =stable ]
 22  GraphicsMagick1.3        available    \
        [ =1.3.29  =1.3.32  =1.3.34  =stable ]
 23  tomcat8.5                available    \
        [ =8.5.31  =8.5.32  =8.5.38  =8.5.40  =8.5.42  =8.5.50
          =stable ]
 24  epel=latest              enabled      [ =7.11  =stable ]
 25  testing                  available    [ =1.0  =stable ]
 26  ecs                      available    [ =stable ]
 27  corretto8                available    \
        [ =1.8.0_192  =1.8.0_202  =1.8.0_212  =1.8.0_222  =1.8.0_232
          =1.8.0_242  =stable ]
 29  golang1.11               available    \
        [ =1.11.3  =1.11.11  =1.11.13  =stable ]
 30  squid4                   available    [ =4  =stable ]
 32  lustre2.10               available    \
        [ =2.10.5  =2.10.8  =stable ]
 33  java-openjdk11           available    [ =11  =stable ]
 34  lynis                    available    [ =stable ]
 36  BCC                      available    [ =0.x  =stable ]
 37  mono                     available    [ =5.x  =stable ]
 38  nginx1                   available    [ =stable ]
 39 †ruby2.6                  available    [ =2.6  =stable ]
 40  mock                     available    [ =stable ]
 41  postgresql11             available    [ =11  =stable ]
 43  livepatch                available    [ =stable ]
 44  python3.8                available    [ =stable ]
 45  haproxy2                 available    [ =stable ]
 46  collectd                 available    [ =stable ]
 47  aws-nitro-enclaves-cli   available    [ =stable ]
 48  R4                       available    [ =stable ]
  _  kernel-5.4               available    [ =stable ]
 50  selinux-ng               available    [ =stable ]
 51  php8.0                   available    [ =stable ]
 52  tomcat9                  available    [ =stable ]
 53  unbound1.13              available    [ =stable ]
 54  mariadb10.5              available    [ =stable ]
 55  kernel-5.10=latest       enabled      [ =stable ]
 56  redis6                   available    [ =stable ]
 57  ruby3.0                  available    [ =stable ]
 58  postgresql12             available    [ =stable ]
 59  postgresql13             available    [ =stable ]
 60  mock2                    available    [ =stable ]
 61  dnsmasq2.85              available    [ =stable ]
 62  kernel-5.15              available    [ =stable ]
 63  postgresql14             available    [ =stable ]
 64  firefox                  available    [ =stable ]
 65  lustre                   available    [ =stable ]
 66  php8.1                   available    [ =stable ]
 67  awscli1                  available    [ =stable ]
 68  php8.2                   available    [ =stable ]
 69  dnsmasq                  available    [ =stable ]
† Note on end-of-support. Use 'info' subcommand.
[root@ip-172-31-45-63 ~]# amazon-linux-extras install java-openjdk11
Installing java-11-openjdk
Loaded plugins: extras_suggestions, langpacks, priorities, update-motd
Existing lock /var/run/yum.pid: another copy is running as pid 3814.
Another app is currently holding the yum lock; waiting for it to exit...
  The other application is: yum
    Memory : 283 M RSS (575 MB VSZ)
    Started: Mon Mar 27 15:32:20 2023 - 00:06 ago
    State  : Running, pid: 3814
Another app is currently holding the yum lock; waiting for it to exit...
  The other application is: yum
    Memory : 321 M RSS (613 MB VSZ)
    Started: Mon Mar 27 15:32:20 2023 - 00:08 ago
    State  : Running, pid: 3814
Another app is currently holding the yum lock; waiting for it to exit...
  The other application is: yum
    Memory : 340 M RSS (633 MB VSZ)
    Started: Mon Mar 27 15:32:20 2023 - 00:10 ago
    State  : Running, pid: 3814
Another app is currently holding the yum lock; waiting for it to exit...
  The other application is: yum
    Memory : 340 M RSS (633 MB VSZ)
    Started: Mon Mar 27 15:32:20 2023 - 00:12 ago
    State  : Running, pid: 3814
Cleaning repos: amzn2-core amzn2extra-docker amzn2extra-epel amzn2extra-java-openjdk11 amzn2extra-kernel-5.10 epel
28 metadata files removed
10 sqlite files removed
0 metadata files removed
Loaded plugins: extras_suggestions, langpacks, priorities, update-motd
amzn2-core                                                                                                                                                                                  | 3.7 kB  00:00:00     
amzn2extra-docker                                                                                                                                                                           | 3.0 kB  00:00:00     
amzn2extra-epel                                                                                                                                                                             | 3.0 kB  00:00:00     
amzn2extra-java-openjdk11                                                                                                                                                                   | 3.0 kB  00:00:00     
amzn2extra-kernel-5.10                                                                                                                                                                      | 3.0 kB  00:00:00     
epel/x86_64/metalink                                                                                                                                                                        | 6.2 kB  00:00:00     
epel                                                                                                                                                                                        | 4.7 kB  00:00:00     
(1/14): amzn2-core/2/x86_64/group_gz                                                                                                                                                        | 2.5 kB  00:00:00     
(2/14): amzn2-core/2/x86_64/updateinfo                                                                                                                                                      | 583 kB  00:00:00     
(3/14): amzn2extra-epel/2/x86_64/primary_db                                                                                                                                                 | 1.8 kB  00:00:00     
(4/14): amzn2extra-java-openjdk11/2/x86_64/updateinfo                                                                                                                                       | 3.5 kB  00:00:00     
(5/14): amzn2extra-java-openjdk11/2/x86_64/primary_db                                                                                                                                       | 149 kB  00:00:00     
(6/14): amzn2extra-kernel-5.10/2/x86_64/updateinfo                                                                                                                                          |  26 kB  00:00:00     
(7/14): amzn2extra-docker/2/x86_64/updateinfo                                                                                                                                               | 8.0 kB  00:00:00     
(8/14): amzn2extra-docker/2/x86_64/primary_db                                                                                                                                               | 103 kB  00:00:00     
(9/14): amzn2extra-epel/2/x86_64/updateinfo                                                                                                                                                 |   76 B  00:00:00     
(10/14): amzn2extra-kernel-5.10/2/x86_64/primary_db                                                                                                                                         |  16 MB  00:00:00     
(11/14): epel/x86_64/group_gz                                                                                                                                                               |  99 kB  00:00:00     
(12/14): amzn2-core/2/x86_64/primary_db                                                                                                                                                     |  70 MB  00:00:01     
(13/14): epel/x86_64/updateinfo                                                                                                                                                             | 1.0 MB  00:00:00     
(14/14): epel/x86_64/primary_db                                                                                                                                                             | 7.0 MB  00:00:00     
224 packages excluded due to repository priority protections
Resolving Dependencies
--> Running transaction check
---> Package java-11-openjdk.x86_64 1:11.0.18.0.10-1.amzn2.0.1 will be installed
--> Processing Dependency: java-11-openjdk-headless(x86-64) = 1:11.0.18.0.10-1.amzn2.0.1 for package: 1:java-11-openjdk-11.0.18.0.10-1.amzn2.0.1.x86_64
--> Processing Dependency: xorg-x11-fonts-Type1 for package: 1:java-11-openjdk-11.0.18.0.10-1.amzn2.0.1.x86_64
--> Processing Dependency: fontconfig(x86-64) for package: 1:java-11-openjdk-11.0.18.0.10-1.amzn2.0.1.x86_64
--> Processing Dependency: libjvm.so()(64bit) for package: 1:java-11-openjdk-11.0.18.0.10-1.amzn2.0.1.x86_64
--> Processing Dependency: libjava.so()(64bit) for package: 1:java-11-openjdk-11.0.18.0.10-1.amzn2.0.1.x86_64
--> Processing Dependency: libgif.so.4()(64bit) for package: 1:java-11-openjdk-11.0.18.0.10-1.amzn2.0.1.x86_64
--> Processing Dependency: libXtst.so.6()(64bit) for package: 1:java-11-openjdk-11.0.18.0.10-1.amzn2.0.1.x86_64
--> Processing Dependency: libXrender.so.1()(64bit) for package: 1:java-11-openjdk-11.0.18.0.10-1.amzn2.0.1.x86_64
--> Processing Dependency: libXi.so.6()(64bit) for package: 1:java-11-openjdk-11.0.18.0.10-1.amzn2.0.1.x86_64
--> Processing Dependency: libXext.so.6()(64bit) for package: 1:java-11-openjdk-11.0.18.0.10-1.amzn2.0.1.x86_64
--> Processing Dependency: libX11.so.6()(64bit) for package: 1:java-11-openjdk-11.0.18.0.10-1.amzn2.0.1.x86_64
--> Running transaction check
---> Package fontconfig.x86_64 0:2.13.0-4.3.amzn2 will be installed
--> Processing Dependency: fontpackages-filesystem for package: fontconfig-2.13.0-4.3.amzn2.x86_64
--> Processing Dependency: dejavu-sans-fonts for package: fontconfig-2.13.0-4.3.amzn2.x86_64
---> Package giflib.x86_64 0:4.1.6-9.amzn2.0.2 will be installed
--> Processing Dependency: libSM.so.6()(64bit) for package: giflib-4.1.6-9.amzn2.0.2.x86_64
--> Processing Dependency: libICE.so.6()(64bit) for package: giflib-4.1.6-9.amzn2.0.2.x86_64
---> Package java-11-openjdk-headless.x86_64 1:11.0.18.0.10-1.amzn2.0.1 will be installed
--> Processing Dependency: tzdata-java >= 2022g for package: 1:java-11-openjdk-headless-11.0.18.0.10-1.amzn2.0.1.x86_64
--> Processing Dependency: copy-jdk-configs >= 3.3 for package: 1:java-11-openjdk-headless-11.0.18.0.10-1.amzn2.0.1.x86_64
--> Processing Dependency: pcsc-lite-libs(x86-64) for package: 1:java-11-openjdk-headless-11.0.18.0.10-1.amzn2.0.1.x86_64
--> Processing Dependency: log4j-cve-2021-44228-cve-mitigations for package: 1:java-11-openjdk-headless-11.0.18.0.10-1.amzn2.0.1.x86_64
--> Processing Dependency: lksctp-tools(x86-64) for package: 1:java-11-openjdk-headless-11.0.18.0.10-1.amzn2.0.1.x86_64
--> Processing Dependency: libasound.so.2(ALSA_0.9.0rc4)(64bit) for package: 1:java-11-openjdk-headless-11.0.18.0.10-1.amzn2.0.1.x86_64
--> Processing Dependency: libasound.so.2(ALSA_0.9)(64bit) for package: 1:java-11-openjdk-headless-11.0.18.0.10-1.amzn2.0.1.x86_64
--> Processing Dependency: javapackages-tools for package: 1:java-11-openjdk-headless-11.0.18.0.10-1.amzn2.0.1.x86_64
--> Processing Dependency: cups-libs(x86-64) for package: 1:java-11-openjdk-headless-11.0.18.0.10-1.amzn2.0.1.x86_64
--> Processing Dependency: libharfbuzz.so.0()(64bit) for package: 1:java-11-openjdk-headless-11.0.18.0.10-1.amzn2.0.1.x86_64
--> Processing Dependency: libasound.so.2()(64bit) for package: 1:java-11-openjdk-headless-11.0.18.0.10-1.amzn2.0.1.x86_64
---> Package libX11.x86_64 0:1.6.7-3.amzn2.0.2 will be installed
--> Processing Dependency: libX11-common >= 1.6.7-3.amzn2.0.2 for package: libX11-1.6.7-3.amzn2.0.2.x86_64
--> Processing Dependency: libxcb.so.1()(64bit) for package: libX11-1.6.7-3.amzn2.0.2.x86_64
---> Package libXext.x86_64 0:1.3.3-3.amzn2.0.2 will be installed
---> Package libXi.x86_64 0:1.7.9-1.amzn2.0.2 will be installed
---> Package libXrender.x86_64 0:0.9.10-1.amzn2.0.2 will be installed
---> Package libXtst.x86_64 0:1.2.3-1.amzn2.0.2 will be installed
---> Package xorg-x11-fonts-Type1.noarch 0:7.5-9.amzn2 will be installed
--> Processing Dependency: ttmkfdir for package: xorg-x11-fonts-Type1-7.5-9.amzn2.noarch
--> Processing Dependency: ttmkfdir for package: xorg-x11-fonts-Type1-7.5-9.amzn2.noarch
--> Processing Dependency: mkfontdir for package: xorg-x11-fonts-Type1-7.5-9.amzn2.noarch
--> Processing Dependency: mkfontdir for package: xorg-x11-fonts-Type1-7.5-9.amzn2.noarch
--> Running transaction check
---> Package alsa-lib.x86_64 0:1.1.4.1-2.amzn2 will be installed
---> Package copy-jdk-configs.noarch 0:3.3-10.amzn2 will be installed
---> Package cups-libs.x86_64 1:1.6.3-51.amzn2 will be installed
--> Processing Dependency: libavahi-common.so.3()(64bit) for package: 1:cups-libs-1.6.3-51.amzn2.x86_64
--> Processing Dependency: libavahi-client.so.3()(64bit) for package: 1:cups-libs-1.6.3-51.amzn2.x86_64
---> Package dejavu-sans-fonts.noarch 0:2.33-6.amzn2 will be installed
--> Processing Dependency: dejavu-fonts-common = 2.33-6.amzn2 for package: dejavu-sans-fonts-2.33-6.amzn2.noarch
---> Package fontpackages-filesystem.noarch 0:1.44-8.amzn2 will be installed
---> Package harfbuzz.x86_64 0:1.7.5-2.amzn2 will be installed
--> Processing Dependency: libgraphite2.so.3()(64bit) for package: harfbuzz-1.7.5-2.amzn2.x86_64
---> Package javapackages-tools.noarch 0:3.4.1-11.amzn2 will be installed
--> Processing Dependency: python-javapackages = 3.4.1-11.amzn2 for package: javapackages-tools-3.4.1-11.amzn2.noarch
--> Processing Dependency: libxslt for package: javapackages-tools-3.4.1-11.amzn2.noarch
---> Package libICE.x86_64 0:1.0.9-9.amzn2.0.2 will be installed
---> Package libSM.x86_64 0:1.2.2-2.amzn2.0.2 will be installed
---> Package libX11-common.noarch 0:1.6.7-3.amzn2.0.2 will be installed
---> Package libxcb.x86_64 0:1.12-1.amzn2.0.2 will be installed
--> Processing Dependency: libXau.so.6()(64bit) for package: libxcb-1.12-1.amzn2.0.2.x86_64
---> Package lksctp-tools.x86_64 0:1.0.17-2.amzn2.0.2 will be installed
---> Package log4j-cve-2021-44228-hotpatch.noarch 0:1.3-7.amzn2 will be installed
---> Package pcsc-lite-libs.x86_64 0:1.8.8-7.amzn2 will be installed
---> Package ttmkfdir.x86_64 0:3.0.9-42.amzn2.0.2 will be installed
---> Package tzdata-java.noarch 0:2022g-1.amzn2.0.2 will be installed
---> Package xorg-x11-font-utils.x86_64 1:7.5-21.amzn2 will be installed
--> Processing Dependency: libfontenc.so.1()(64bit) for package: 1:xorg-x11-font-utils-7.5-21.amzn2.x86_64
--> Running transaction check
---> Package avahi-libs.x86_64 0:0.6.31-20.amzn2 will be installed
---> Package dejavu-fonts-common.noarch 0:2.33-6.amzn2 will be installed
---> Package graphite2.x86_64 0:1.3.10-1.amzn2.0.2 will be installed
---> Package libXau.x86_64 0:1.0.8-2.1.amzn2.0.2 will be installed
---> Package libfontenc.x86_64 0:1.1.3-3.amzn2.0.2 will be installed
---> Package libxslt.x86_64 0:1.1.28-6.amzn2 will be installed
---> Package python-javapackages.noarch 0:3.4.1-11.amzn2 will be installed
--> Processing Dependency: python-lxml for package: python-javapackages-3.4.1-11.amzn2.noarch
--> Running transaction check
---> Package python-lxml.x86_64 0:3.2.1-4.amzn2.0.4 will be installed
--> Finished Dependency Resolution

Dependencies Resolved

===================================================================================================================================================================================================================
 Package                                                   Arch                               Version                                                  Repository                                             Size
===================================================================================================================================================================================================================
Installing:
 java-11-openjdk                                           x86_64                             1:11.0.18.0.10-1.amzn2.0.1                               amzn2extra-java-openjdk11                             237 k
Installing for dependencies:
 alsa-lib                                                  x86_64                             1.1.4.1-2.amzn2                                          amzn2-core                                            425 k
 avahi-libs                                                x86_64                             0.6.31-20.amzn2                                          amzn2-core                                             61 k
 copy-jdk-configs                                          noarch                             3.3-10.amzn2                                             amzn2-core                                             21 k
 cups-libs                                                 x86_64                             1:1.6.3-51.amzn2                                         amzn2-core                                            356 k
 dejavu-fonts-common                                       noarch                             2.33-6.amzn2                                             amzn2-core                                             64 k
 dejavu-sans-fonts                                         noarch                             2.33-6.amzn2                                             amzn2-core                                            1.4 M
 fontconfig                                                x86_64                             2.13.0-4.3.amzn2                                         amzn2-core                                            253 k
 fontpackages-filesystem                                   noarch                             1.44-8.amzn2                                             amzn2-core                                             10 k
 giflib                                                    x86_64                             4.1.6-9.amzn2.0.2                                        amzn2-core                                             40 k
 graphite2                                                 x86_64                             1.3.10-1.amzn2.0.2                                       amzn2-core                                            115 k
 harfbuzz                                                  x86_64                             1.7.5-2.amzn2                                            amzn2-core                                            279 k
 java-11-openjdk-headless                                  x86_64                             1:11.0.18.0.10-1.amzn2.0.1                               amzn2extra-java-openjdk11                              39 M
 javapackages-tools                                        noarch                             3.4.1-11.amzn2                                           amzn2-core                                             73 k
 libICE                                                    x86_64                             1.0.9-9.amzn2.0.2                                        amzn2-core                                             67 k
 libSM                                                     x86_64                             1.2.2-2.amzn2.0.2                                        amzn2-core                                             39 k
 libX11                                                    x86_64                             1.6.7-3.amzn2.0.2                                        amzn2-core                                            606 k
 libX11-common                                             noarch                             1.6.7-3.amzn2.0.2                                        amzn2-core                                            165 k
 libXau                                                    x86_64                             1.0.8-2.1.amzn2.0.2                                      amzn2-core                                             29 k
 libXext                                                   x86_64                             1.3.3-3.amzn2.0.2                                        amzn2-core                                             39 k
 libXi                                                     x86_64                             1.7.9-1.amzn2.0.2                                        amzn2-core                                             41 k
 libXrender                                                x86_64                             0.9.10-1.amzn2.0.2                                       amzn2-core                                             26 k
 libXtst                                                   x86_64                             1.2.3-1.amzn2.0.2                                        amzn2-core                                             20 k
 libfontenc                                                x86_64                             1.1.3-3.amzn2.0.2                                        amzn2-core                                             31 k
 libxcb                                                    x86_64                             1.12-1.amzn2.0.2                                         amzn2-core                                            216 k
 libxslt                                                   x86_64                             1.1.28-6.amzn2                                           amzn2-core                                            240 k
 lksctp-tools                                              x86_64                             1.0.17-2.amzn2.0.2                                       amzn2-core                                             88 k
 log4j-cve-2021-44228-hotpatch                             noarch                             1.3-7.amzn2                                              amzn2-core                                            139 k
 pcsc-lite-libs                                            x86_64                             1.8.8-7.amzn2                                            amzn2-core                                             35 k
 python-javapackages                                       noarch                             3.4.1-11.amzn2                                           amzn2-core                                             31 k
 python-lxml                                               x86_64                             3.2.1-4.amzn2.0.4                                        amzn2-core                                            1.0 M
 ttmkfdir                                                  x86_64                             3.0.9-42.amzn2.0.2                                       amzn2-core                                             50 k
 tzdata-java                                               noarch                             2022g-1.amzn2.0.2                                        amzn2-core                                            184 k
 xorg-x11-font-utils                                       x86_64                             1:7.5-21.amzn2                                           amzn2-core                                            103 k
 xorg-x11-fonts-Type1                                      noarch                             7.5-9.amzn2                                              amzn2-core                                            521 k

Transaction Summary
===================================================================================================================================================================================================================
Install  1 Package (+34 Dependent packages)

Total download size: 46 M
Installed size: 184 M
Is this ok [y/d/N]: y
Downloading packages:
(1/35): avahi-libs-0.6.31-20.amzn2.x86_64.rpm                                                                                                                                               |  61 kB  00:00:00     
(2/35): alsa-lib-1.1.4.1-2.amzn2.x86_64.rpm                                                                                                                                                 | 425 kB  00:00:00     
(3/35): copy-jdk-configs-3.3-10.amzn2.noarch.rpm                                                                                                                                            |  21 kB  00:00:00     
(4/35): cups-libs-1.6.3-51.amzn2.x86_64.rpm                                                                                                                                                 | 356 kB  00:00:00     
(5/35): dejavu-fonts-common-2.33-6.amzn2.noarch.rpm                                                                                                                                         |  64 kB  00:00:00     
(6/35): fontconfig-2.13.0-4.3.amzn2.x86_64.rpm                                                                                                                                              | 253 kB  00:00:00     
(7/35): dejavu-sans-fonts-2.33-6.amzn2.noarch.rpm                                                                                                                                           | 1.4 MB  00:00:00     
(8/35): fontpackages-filesystem-1.44-8.amzn2.noarch.rpm                                                                                                                                     |  10 kB  00:00:00     
(9/35): giflib-4.1.6-9.amzn2.0.2.x86_64.rpm                                                                                                                                                 |  40 kB  00:00:00     
(10/35): graphite2-1.3.10-1.amzn2.0.2.x86_64.rpm                                                                                                                                            | 115 kB  00:00:00     
(11/35): harfbuzz-1.7.5-2.amzn2.x86_64.rpm                                                                                                                                                  | 279 kB  00:00:00     
(12/35): javapackages-tools-3.4.1-11.amzn2.noarch.rpm                                                                                                                                       |  73 kB  00:00:00     
(13/35): libSM-1.2.2-2.amzn2.0.2.x86_64.rpm                                                                                                                                                 |  39 kB  00:00:00     
(14/35): libX11-1.6.7-3.amzn2.0.2.x86_64.rpm                                                                                                                                                | 606 kB  00:00:00     
(15/35): libX11-common-1.6.7-3.amzn2.0.2.noarch.rpm                                                                                                                                         | 165 kB  00:00:00     
(16/35): libXau-1.0.8-2.1.amzn2.0.2.x86_64.rpm                                                                                                                                              |  29 kB  00:00:00     
(17/35): libXext-1.3.3-3.amzn2.0.2.x86_64.rpm                                                                                                                                               |  39 kB  00:00:00     
(18/35): libXi-1.7.9-1.amzn2.0.2.x86_64.rpm                                                                                                                                                 |  41 kB  00:00:00     
(19/35): libXrender-0.9.10-1.amzn2.0.2.x86_64.rpm                                                                                                                                           |  26 kB  00:00:00     
(20/35): libXtst-1.2.3-1.amzn2.0.2.x86_64.rpm                                                                                                                                               |  20 kB  00:00:00     
(21/35): libfontenc-1.1.3-3.amzn2.0.2.x86_64.rpm                                                                                                                                            |  31 kB  00:00:00     
(22/35): libxcb-1.12-1.amzn2.0.2.x86_64.rpm                                                                                                                                                 | 216 kB  00:00:00     
(23/35): libxslt-1.1.28-6.amzn2.x86_64.rpm                                                                                                                                                  | 240 kB  00:00:00     
(24/35): lksctp-tools-1.0.17-2.amzn2.0.2.x86_64.rpm                                                                                                                                         |  88 kB  00:00:00     
(25/35): log4j-cve-2021-44228-hotpatch-1.3-7.amzn2.noarch.rpm                                                                                                                               | 139 kB  00:00:00     
(26/35): java-11-openjdk-11.0.18.0.10-1.amzn2.0.1.x86_64.rpm                                                                                                                                | 237 kB  00:00:00     
(27/35): pcsc-lite-libs-1.8.8-7.amzn2.x86_64.rpm                                                                                                                                            |  35 kB  00:00:00     
(28/35): libICE-1.0.9-9.amzn2.0.2.x86_64.rpm                                                                                                                                                |  67 kB  00:00:00     
(29/35): python-javapackages-3.4.1-11.amzn2.noarch.rpm                                                                                                                                      |  31 kB  00:00:00     
(30/35): ttmkfdir-3.0.9-42.amzn2.0.2.x86_64.rpm                                                                                                                                             |  50 kB  00:00:00     
(31/35): python-lxml-3.2.1-4.amzn2.0.4.x86_64.rpm                                                                                                                                           | 1.0 MB  00:00:00     
(32/35): tzdata-java-2022g-1.amzn2.0.2.noarch.rpm                                                                                                                                           | 184 kB  00:00:00     
(33/35): xorg-x11-font-utils-7.5-21.amzn2.x86_64.rpm                                                                                                                                        | 103 kB  00:00:00     
(34/35): xorg-x11-fonts-Type1-7.5-9.amzn2.noarch.rpm                                                                                                                                        | 521 kB  00:00:00     
(35/35): java-11-openjdk-headless-11.0.18.0.10-1.amzn2.0.1.x86_64.rpm                                                                                                                       |  39 MB  00:00:00     
-------------------------------------------------------------------------------------------------------------------------------------------------------------------------------------------------------------------
Total                                                                                                                                                                               47 MB/s |  46 MB  00:00:00     
Running transaction check
Running transaction test
Transaction test succeeded
Running transaction
  Installing : libICE-1.0.9-9.amzn2.0.2.x86_64                                                                                                                                                                1/35 
  Installing : libxslt-1.1.28-6.amzn2.x86_64                                                                                                                                                                  2/35 
  Installing : fontpackages-filesystem-1.44-8.amzn2.noarch                                                                                                                                                    3/35 
  Installing : dejavu-fonts-common-2.33-6.amzn2.noarch                                                                                                                                                        4/35 
  Installing : dejavu-sans-fonts-2.33-6.amzn2.noarch                                                                                                                                                          5/35 
  Installing : fontconfig-2.13.0-4.3.amzn2.x86_64                                                                                                                                                             6/35 
  Installing : python-lxml-3.2.1-4.amzn2.0.4.x86_64                                                                                                                                                           7/35 
  Installing : python-javapackages-3.4.1-11.amzn2.noarch                                                                                                                                                      8/35 
  Installing : javapackages-tools-3.4.1-11.amzn2.noarch                                                                                                                                                       9/35 
  Installing : libSM-1.2.2-2.amzn2.0.2.x86_64                                                                                                                                                                10/35 
  Installing : graphite2-1.3.10-1.amzn2.0.2.x86_64                                                                                                                                                           11/35 
  Installing : harfbuzz-1.7.5-2.amzn2.x86_64                                                                                                                                                                 12/35 
  Installing : alsa-lib-1.1.4.1-2.amzn2.x86_64                                                                                                                                                               13/35 
  Installing : copy-jdk-configs-3.3-10.amzn2.noarch                                                                                                                                                          14/35 
  Installing : libfontenc-1.1.3-3.amzn2.0.2.x86_64                                                                                                                                                           15/35 
  Installing : 1:xorg-x11-font-utils-7.5-21.amzn2.x86_64                                                                                                                                                     16/35 
  Installing : pcsc-lite-libs-1.8.8-7.amzn2.x86_64                                                                                                                                                           17/35 
  Installing : tzdata-java-2022g-1.amzn2.0.2.noarch                                                                                                                                                          18/35 
  Installing : avahi-libs-0.6.31-20.amzn2.x86_64                                                                                                                                                             19/35 
  Installing : 1:cups-libs-1.6.3-51.amzn2.x86_64                                                                                                                                                             20/35 
  Installing : libXau-1.0.8-2.1.amzn2.0.2.x86_64                                                                                                                                                             21/35 
  Installing : libxcb-1.12-1.amzn2.0.2.x86_64                                                                                                                                                                22/35 
  Installing : libX11-common-1.6.7-3.amzn2.0.2.noarch                                                                                                                                                        23/35 
  Installing : libX11-1.6.7-3.amzn2.0.2.x86_64                                                                                                                                                               24/35 
  Installing : libXext-1.3.3-3.amzn2.0.2.x86_64                                                                                                                                                              25/35 
  Installing : libXi-1.7.9-1.amzn2.0.2.x86_64                                                                                                                                                                26/35 
  Installing : libXtst-1.2.3-1.amzn2.0.2.x86_64                                                                                                                                                              27/35 
  Installing : libXrender-0.9.10-1.amzn2.0.2.x86_64                                                                                                                                                          28/35 
  Installing : giflib-4.1.6-9.amzn2.0.2.x86_64                                                                                                                                                               29/35 
  Installing : ttmkfdir-3.0.9-42.amzn2.0.2.x86_64                                                                                                                                                            30/35 
  Installing : xorg-x11-fonts-Type1-7.5-9.amzn2.noarch                                                                                                                                                       31/35 
  Installing : lksctp-tools-1.0.17-2.amzn2.0.2.x86_64                                                                                                                                                        32/35 
  Installing : log4j-cve-2021-44228-hotpatch-1.3-7.amzn2.noarch                                                                                                                                              33/35 
Created symlink from /etc/systemd/system/multi-user.target.wants/log4j-cve-2021-44228-hotpatch.service to /usr/lib/systemd/system/log4j-cve-2021-44228-hotpatch.service.
  Installing : 1:java-11-openjdk-headless-11.0.18.0.10-1.amzn2.0.1.x86_64                                                                                                                                    34/35 
  Installing : 1:java-11-openjdk-11.0.18.0.10-1.amzn2.0.1.x86_64                                                                                                                                             35/35 
  Verifying  : libSM-1.2.2-2.amzn2.0.2.x86_64                                                                                                                                                                 1/35 
  Verifying  : fontpackages-filesystem-1.44-8.amzn2.noarch                                                                                                                                                    2/35 
  Verifying  : libxcb-1.12-1.amzn2.0.2.x86_64                                                                                                                                                                 3/35 
  Verifying  : libXext-1.3.3-3.amzn2.0.2.x86_64                                                                                                                                                               4/35 
  Verifying  : libX11-1.6.7-3.amzn2.0.2.x86_64                                                                                                                                                                5/35 
  Verifying  : log4j-cve-2021-44228-hotpatch-1.3-7.amzn2.noarch                                                                                                                                               6/35 
  Verifying  : lksctp-tools-1.0.17-2.amzn2.0.2.x86_64                                                                                                                                                         7/35 
  Verifying  : 1:java-11-openjdk-headless-11.0.18.0.10-1.amzn2.0.1.x86_64                                                                                                                                     8/35 
  Verifying  : ttmkfdir-3.0.9-42.amzn2.0.2.x86_64                                                                                                                                                             9/35 
  Verifying  : libX11-common-1.6.7-3.amzn2.0.2.noarch                                                                                                                                                        10/35 
  Verifying  : dejavu-fonts-common-2.33-6.amzn2.noarch                                                                                                                                                       11/35 
  Verifying  : 1:cups-libs-1.6.3-51.amzn2.x86_64                                                                                                                                                             12/35 
  Verifying  : libXau-1.0.8-2.1.amzn2.0.2.x86_64                                                                                                                                                             13/35 
  Verifying  : 1:java-11-openjdk-11.0.18.0.10-1.amzn2.0.1.x86_64                                                                                                                                             14/35 
  Verifying  : xorg-x11-fonts-Type1-7.5-9.amzn2.noarch                                                                                                                                                       15/35 
  Verifying  : 1:xorg-x11-font-utils-7.5-21.amzn2.x86_64                                                                                                                                                     16/35 
  Verifying  : libXrender-0.9.10-1.amzn2.0.2.x86_64                                                                                                                                                          17/35 
  Verifying  : avahi-libs-0.6.31-20.amzn2.x86_64                                                                                                                                                             18/35 
  Verifying  : dejavu-sans-fonts-2.33-6.amzn2.noarch                                                                                                                                                         19/35 
  Verifying  : tzdata-java-2022g-1.amzn2.0.2.noarch                                                                                                                                                          20/35 
  Verifying  : fontconfig-2.13.0-4.3.amzn2.x86_64                                                                                                                                                            21/35 
  Verifying  : pcsc-lite-libs-1.8.8-7.amzn2.x86_64                                                                                                                                                           22/35 
  Verifying  : harfbuzz-1.7.5-2.amzn2.x86_64                                                                                                                                                                 23/35 
  Verifying  : giflib-4.1.6-9.amzn2.0.2.x86_64                                                                                                                                                               24/35 
  Verifying  : libXi-1.7.9-1.amzn2.0.2.x86_64                                                                                                                                                                25/35 
  Verifying  : python-lxml-3.2.1-4.amzn2.0.4.x86_64                                                                                                                                                          26/35 
  Verifying  : libfontenc-1.1.3-3.amzn2.0.2.x86_64                                                                                                                                                           27/35 
  Verifying  : libxslt-1.1.28-6.amzn2.x86_64                                                                                                                                                                 28/35 
  Verifying  : python-javapackages-3.4.1-11.amzn2.noarch                                                                                                                                                     29/35 
  Verifying  : libXtst-1.2.3-1.amzn2.0.2.x86_64                                                                                                                                                              30/35 
  Verifying  : copy-jdk-configs-3.3-10.amzn2.noarch                                                                                                                                                          31/35 
  Verifying  : alsa-lib-1.1.4.1-2.amzn2.x86_64                                                                                                                                                               32/35 
  Verifying  : libICE-1.0.9-9.amzn2.0.2.x86_64                                                                                                                                                               33/35 
  Verifying  : graphite2-1.3.10-1.amzn2.0.2.x86_64                                                                                                                                                           34/35 
  Verifying  : javapackages-tools-3.4.1-11.amzn2.noarch                                                                                                                                                      35/35 

Installed:
  java-11-openjdk.x86_64 1:11.0.18.0.10-1.amzn2.0.1                                                                                                                                                                

Dependency Installed:
  alsa-lib.x86_64 0:1.1.4.1-2.amzn2              avahi-libs.x86_64 0:0.6.31-20.amzn2          copy-jdk-configs.noarch 0:3.3-10.amzn2                cups-libs.x86_64 1:1.6.3-51.amzn2                            
  dejavu-fonts-common.noarch 0:2.33-6.amzn2      dejavu-sans-fonts.noarch 0:2.33-6.amzn2      fontconfig.x86_64 0:2.13.0-4.3.amzn2                  fontpackages-filesystem.noarch 0:1.44-8.amzn2                
  giflib.x86_64 0:4.1.6-9.amzn2.0.2              graphite2.x86_64 0:1.3.10-1.amzn2.0.2        harfbuzz.x86_64 0:1.7.5-2.amzn2                       java-11-openjdk-headless.x86_64 1:11.0.18.0.10-1.amzn2.0.1   
  javapackages-tools.noarch 0:3.4.1-11.amzn2     libICE.x86_64 0:1.0.9-9.amzn2.0.2            libSM.x86_64 0:1.2.2-2.amzn2.0.2                      libX11.x86_64 0:1.6.7-3.amzn2.0.2                            
  libX11-common.noarch 0:1.6.7-3.amzn2.0.2       libXau.x86_64 0:1.0.8-2.1.amzn2.0.2          libXext.x86_64 0:1.3.3-3.amzn2.0.2                    libXi.x86_64 0:1.7.9-1.amzn2.0.2                             
  libXrender.x86_64 0:0.9.10-1.amzn2.0.2         libXtst.x86_64 0:1.2.3-1.amzn2.0.2           libfontenc.x86_64 0:1.1.3-3.amzn2.0.2                 libxcb.x86_64 0:1.12-1.amzn2.0.2                             
  libxslt.x86_64 0:1.1.28-6.amzn2                lksctp-tools.x86_64 0:1.0.17-2.amzn2.0.2     log4j-cve-2021-44228-hotpatch.noarch 0:1.3-7.amzn2    pcsc-lite-libs.x86_64 0:1.8.8-7.amzn2                        
  python-javapackages.noarch 0:3.4.1-11.amzn2    python-lxml.x86_64 0:3.2.1-4.amzn2.0.4       ttmkfdir.x86_64 0:3.0.9-42.amzn2.0.2                  tzdata-java.noarch 0:2022g-1.amzn2.0.2                       
  xorg-x11-font-utils.x86_64 1:7.5-21.amzn2      xorg-x11-fonts-Type1.noarch 0:7.5-9.amzn2   

Complete!
  0  ansible2                 available    \
        [ =2.4.2  =2.4.6  =2.8  =stable ]
  2  httpd_modules            available    [ =1.0  =stable ]
  3  memcached1.5             available    \
        [ =1.5.1  =1.5.16  =1.5.17 ]
  6  postgresql10             available    [ =10  =stable ]
  9  R3.4                     available    [ =3.4.3  =stable ]
 10  rust1                    available    \
        [ =1.22.1  =1.26.0  =1.26.1  =1.27.2  =1.31.0  =1.38.0
          =stable ]
 18  libreoffice              available    \
        [ =5.0.6.2_15  =5.3.6.1  =stable ]
 19  gimp                     available    [ =2.8.22 ]
 20  docker=latest            enabled      \
        [ =17.12.1  =18.03.1  =18.06.1  =18.09.9  =stable ]
 21  mate-desktop1.x          available    \
        [ =1.19.0  =1.20.0  =stable ]
 22  GraphicsMagick1.3        available    \
        [ =1.3.29  =1.3.32  =1.3.34  =stable ]
 23  tomcat8.5                available    \
        [ =8.5.31  =8.5.32  =8.5.38  =8.5.40  =8.5.42  =8.5.50
          =stable ]
 24  epel=latest              enabled      [ =7.11  =stable ]
 25  testing                  available    [ =1.0  =stable ]
 26  ecs                      available    [ =stable ]
 27  corretto8                available    \
        [ =1.8.0_192  =1.8.0_202  =1.8.0_212  =1.8.0_222  =1.8.0_232
          =1.8.0_242  =stable ]
 29  golang1.11               available    \
        [ =1.11.3  =1.11.11  =1.11.13  =stable ]
 30  squid4                   available    [ =4  =stable ]
 32  lustre2.10               available    \
        [ =2.10.5  =2.10.8  =stable ]
 33  java-openjdk11=latest    enabled      [ =11  =stable ]
 34  lynis                    available    [ =stable ]
 36  BCC                      available    [ =0.x  =stable ]
 37  mono                     available    [ =5.x  =stable ]
 38  nginx1                   available    [ =stable ]
 39 †ruby2.6                  available    [ =2.6  =stable ]
 40  mock                     available    [ =stable ]
 41  postgresql11             available    [ =11  =stable ]
 43  livepatch                available    [ =stable ]
 44  python3.8                available    [ =stable ]
 45  haproxy2                 available    [ =stable ]
 46  collectd                 available    [ =stable ]
 47  aws-nitro-enclaves-cli   available    [ =stable ]
 48  R4                       available    [ =stable ]
  _  kernel-5.4               available    [ =stable ]
 50  selinux-ng               available    [ =stable ]
 51  php8.0                   available    [ =stable ]
 52  tomcat9                  available    [ =stable ]
 53  unbound1.13              available    [ =stable ]
 54  mariadb10.5              available    [ =stable ]
 55  kernel-5.10=latest       enabled      [ =stable ]
 56  redis6                   available    [ =stable ]
 57  ruby3.0                  available    [ =stable ]
 58  postgresql12             available    [ =stable ]
 59  postgresql13             available    [ =stable ]
 60  mock2                    available    [ =stable ]
 61  dnsmasq2.85              available    [ =stable ]
 62  kernel-5.15              available    [ =stable ]
 63  postgresql14             available    [ =stable ]
 64  firefox                  available    [ =stable ]
 65  lustre                   available    [ =stable ]
 66  php8.1                   available    [ =stable ]
 67  awscli1                  available    [ =stable ]
 68  php8.2                   available    [ =stable ]
 69  dnsmasq                  available    [ =stable ]
† Note on end-of-support. Use 'info' subcommand.
[root@ip-172-31-45-63 ~]# yum install git -y
Loaded plugins: extras_suggestions, langpacks, priorities, update-motd
Existing lock /var/run/yum.pid: another copy is running as pid 3992.
Another app is currently holding the yum lock; waiting for it to exit...
  The other application is: yum
    Memory : 336 M RSS (553 MB VSZ)
    Started: Mon Mar 27 15:32:58 2023 - 00:10 ago
    State  : Running, pid: 3992
224 packages excluded due to repository priority protections
Resolving Dependencies
--> Running transaction check
---> Package git.x86_64 0:2.39.2-1.amzn2.0.1 will be installed
--> Processing Dependency: perl-Git = 2.39.2-1.amzn2.0.1 for package: git-2.39.2-1.amzn2.0.1.x86_64
--> Processing Dependency: git-core-doc = 2.39.2-1.amzn2.0.1 for package: git-2.39.2-1.amzn2.0.1.x86_64
--> Processing Dependency: git-core = 2.39.2-1.amzn2.0.1 for package: git-2.39.2-1.amzn2.0.1.x86_64
--> Processing Dependency: perl(Term::ReadKey) for package: git-2.39.2-1.amzn2.0.1.x86_64
--> Processing Dependency: perl(Git::I18N) for package: git-2.39.2-1.amzn2.0.1.x86_64
--> Processing Dependency: perl(Git) for package: git-2.39.2-1.amzn2.0.1.x86_64
--> Running transaction check
---> Package git-core.x86_64 0:2.39.2-1.amzn2.0.1 will be installed
---> Package git-core-doc.noarch 0:2.39.2-1.amzn2.0.1 will be installed
---> Package perl-Git.noarch 0:2.39.2-1.amzn2.0.1 will be installed
--> Processing Dependency: perl(Error) for package: perl-Git-2.39.2-1.amzn2.0.1.noarch
---> Package perl-TermReadKey.x86_64 0:2.30-20.amzn2.0.2 will be installed
--> Running transaction check
---> Package perl-Error.noarch 1:0.17020-2.amzn2 will be installed
--> Finished Dependency Resolution

Dependencies Resolved

===================================================================================================================================================================================================================
 Package                                               Arch                                        Version                                                   Repository                                       Size
===================================================================================================================================================================================================================
Installing:
 git                                                   x86_64                                      2.39.2-1.amzn2.0.1                                        amzn2-core                                       65 k
Installing for dependencies:
 git-core                                              x86_64                                      2.39.2-1.amzn2.0.1                                        amzn2-core                                      8.8 M
 git-core-doc                                          noarch                                      2.39.2-1.amzn2.0.1                                        amzn2-core                                      3.0 M
 perl-Error                                            noarch                                      1:0.17020-2.amzn2                                         amzn2-core                                       32 k
 perl-Git                                              noarch                                      2.39.2-1.amzn2.0.1                                        amzn2-core                                       41 k
 perl-TermReadKey                                      x86_64                                      2.30-20.amzn2.0.2                                         amzn2-core                                       31 k

Transaction Summary
===================================================================================================================================================================================================================
Install  1 Package (+5 Dependent packages)

Total download size: 12 M
Installed size: 43 M
Downloading packages:
(1/6): git-2.39.2-1.amzn2.0.1.x86_64.rpm                                                                                                                                                    |  65 kB  00:00:00     
(2/6): git-core-doc-2.39.2-1.amzn2.0.1.noarch.rpm                                                                                                                                           | 3.0 MB  00:00:00     
(3/6): perl-Error-0.17020-2.amzn2.noarch.rpm                                                                                                                                                |  32 kB  00:00:00     
(4/6): git-core-2.39.2-1.amzn2.0.1.x86_64.rpm                                                                                                                                               | 8.8 MB  00:00:00     
(5/6): perl-Git-2.39.2-1.amzn2.0.1.noarch.rpm                                                                                                                                               |  41 kB  00:00:00     
(6/6): perl-TermReadKey-2.30-20.amzn2.0.2.x86_64.rpm                                                                                                                                        |  31 kB  00:00:00     
-------------------------------------------------------------------------------------------------------------------------------------------------------------------------------------------------------------------
Total                                                                                                                                                                               44 MB/s |  12 MB  00:00:00     
Running transaction check
Running transaction test
Transaction test succeeded
Running transaction
  Installing : git-core-2.39.2-1.amzn2.0.1.x86_64                                                                                                                                                              1/6 
  Installing : git-core-doc-2.39.2-1.amzn2.0.1.noarch                                                                                                                                                          2/6 
  Installing : 1:perl-Error-0.17020-2.amzn2.noarch                                                                                                                                                             3/6 
  Installing : perl-TermReadKey-2.30-20.amzn2.0.2.x86_64                                                                                                                                                       4/6 
  Installing : perl-Git-2.39.2-1.amzn2.0.1.noarch                                                                                                                                                              5/6 
  Installing : git-2.39.2-1.amzn2.0.1.x86_64                                                                                                                                                                   6/6 
  Verifying  : perl-TermReadKey-2.30-20.amzn2.0.2.x86_64                                                                                                                                                       1/6 
  Verifying  : perl-Git-2.39.2-1.amzn2.0.1.noarch                                                                                                                                                              2/6 
  Verifying  : git-core-doc-2.39.2-1.amzn2.0.1.noarch                                                                                                                                                          3/6 
  Verifying  : git-core-2.39.2-1.amzn2.0.1.x86_64                                                                                                                                                              4/6 
  Verifying  : 1:perl-Error-0.17020-2.amzn2.noarch                                                                                                                                                             5/6 
  Verifying  : git-2.39.2-1.amzn2.0.1.x86_64                                                                                                                                                                   6/6 

Installed:
  git.x86_64 0:2.39.2-1.amzn2.0.1                                                                                                                                                                                  

Dependency Installed:
  git-core.x86_64 0:2.39.2-1.amzn2.0.1    git-core-doc.noarch 0:2.39.2-1.amzn2.0.1    perl-Error.noarch 1:0.17020-2.amzn2    perl-Git.noarch 0:2.39.2-1.amzn2.0.1    perl-TermReadKey.x86_64 0:2.30-20.amzn2.0.2   

Complete!
[root@ip-172-31-45-63 ~]# sudo wget https://dlcdn.apache.org/maven/maven-3/3.9.1/binaries/apache-maven-3.9.1-bin.tar.gz
--2023-03-27 15:33:27--  https://dlcdn.apache.org/maven/maven-3/3.9.1/binaries/apache-maven-3.9.1-bin.tar.gz
Resolving dlcdn.apache.org (dlcdn.apache.org)... 151.101.2.132, 2a04:4e42::644
Connecting to dlcdn.apache.org (dlcdn.apache.org)|151.101.2.132|:443... connected.
HTTP request sent, awaiting response... 200 OK
Length: 9039409 (8.6M) [application/x-gzip]
Saving to: ‘apache-maven-3.9.1-bin.tar.gz’

100%[=========================================================================================================================================================================>] 9,039,409   --.-K/s   in 0.06s   

2023-03-27 15:33:27 (149 MB/s) - ‘apache-maven-3.9.1-bin.tar.gz’ saved [9039409/9039409]

[root@ip-172-31-45-63 ~]# sudo tar xf apache-maven-3.9.1-bin.tar.gz -C /opt
[root@ip-172-31-45-63 ~]# sudo ln -s /opt/apache-maven-3.9.1 /opt/maven
[root@ip-172-31-45-63 ~]# cd /usr/lib/jvm/
[root@ip-172-31-45-63 jvm]# ls
java-11-openjdk-11.0.18.0.10-1.amzn2.0.1.x86_64  jre  jre-11  jre-11-openjdk  jre-11-openjdk-11.0.18.0.10-1.amzn2.0.1.x86_64  jre-openjdk
[root@ip-172-31-45-63 jvm]# ls -a
.  ..  java-11-openjdk-11.0.18.0.10-1.amzn2.0.1.x86_64  jre  jre-11  jre-11-openjdk  jre-11-openjdk-11.0.18.0.10-1.amzn2.0.1.x86_64  jre-openjdk
[root@ip-172-31-45-63 jvm]# cd ~
[root@ip-172-31-45-63 ~]# cd /opt/
[root@ip-172-31-45-63 opt]# ls
apache-maven-3.9.1  aws  maven  rh
[root@ip-172-31-45-63 opt]# cd ~
[root@ip-172-31-45-63 ~]# vi export JAVA_HOME="/usr/lib/jvm/java-11-openjdk-11.0.18.0.10-1.amzn2.0.1.x86_64"
2 files to edit
[root@ip-172-31-45-63 ~]# ls -a
.  ..  apache-maven-3.9.1-bin.tar.gz  .bash_logout  .bash_profile  .bashrc  .cshrc  .ssh  .tcshrc  .viminfo
[root@ip-172-31-45-63 ~]# vi .ssh
[root@ip-172-31-45-63 ~]# mkdir ?
[root@ip-172-31-45-63 ~]# ls
?  apache-maven-3.9.1-bin.tar.gz
[root@ip-172-31-45-63 ~]# rm -r ?
rm: remove directory ‘?’? 
[root@ip-172-31-45-63 ~]# ls
?  apache-maven-3.9.1-bin.tar.gz
[root@ip-172-31-45-63 ~]# rm -r ?
rm: remove directory ‘?’? y
[root@ip-172-31-45-63 ~]# ls
apache-maven-3.9.1-bin.tar.gz
[root@ip-172-31-45-63 ~]# ls -a
.  ..  apache-maven-3.9.1-bin.tar.gz  .bash_logout  .bash_profile  .bashrc  .cshrc  .ssh  .tcshrc  .viminfo
[root@ip-172-31-45-63 ~]# rm -r .ssh
rm: descend into directory ‘.ssh’? y
rm: remove regular file ‘.ssh/authorized_keys’? t
rm: remove directory ‘.ssh’? y           
rm: cannot remove ‘.ssh’: Directory not empty
[root@ip-172-31-45-63 ~]# ls
apache-maven-3.9.1-bin.tar.gz
[root@ip-172-31-45-63 ~]# ls -a
.  ..  apache-maven-3.9.1-bin.tar.gz  .bash_logout  .bash_profile  .bashrc  .cshrc  .ssh  .tcshrc  .viminfo
[root@ip-172-31-45-63 ~]# cd .ssh/
[root@ip-172-31-45-63 .ssh]# ls
authorized_keys
[root@ip-172-31-45-63 .ssh]# cd ~
[root@ip-172-31-45-63 ~]# rm -r .ssh
rm: descend into directory ‘.ssh’? y
rm: remove regular file ‘.ssh/authorized_keys’? y
rm: remove directory ‘.ssh’? y
[root@ip-172-31-45-63 ~]# ls -a
.  ..  apache-maven-3.9.1-bin.tar.gz  .bash_logout  .bash_profile  .bashrc  .cshrc  .tcshrc  .viminfo
[root@ip-172-31-45-63 ~]# 
[root@ip-172-31-45-63 ~]# nkdir .ssh
-bash: nkdir: command not found
[root@ip-172-31-45-63 ~]# mkdir .ssh
[root@ip-172-31-45-63 ~]# ls
apache-maven-3.9.1-bin.tar.gz
[root@ip-172-31-45-63 ~]# ls -a
.  ..  apache-maven-3.9.1-bin.tar.gz  .bash_logout  .bash_profile  .bashrc  .cshrc  .ssh  .tcshrc  .viminfo
[root@ip-172-31-45-63 ~]# vi .bash
.bash_logout   .bash_profile  .bashrc        
[root@ip-172-31-45-63 ~]# vi .bash_profile 
[root@ip-172-31-45-63 ~]# vi .bash
[root@ip-172-31-45-63 ~]# vi .bashrc
[root@ip-172-31-45-63 ~]# source ~/.bash_profile
[root@ip-172-31-45-63 ~]# 
[root@ip-172-31-45-63 ~]# source ~/.bashrc
[root@ip-172-31-45-63 ~]# mvn --version
Apache Maven 3.9.1 (2e178502fcdbffc201671fb2537d0cb4b4cc58f8)
Maven home: /opt/apache-maven-3.9.1
Java version: 11.0.18, vendor: Red Hat, Inc., runtime: /usr/lib/jvm/java-11-openjdk-11.0.18.0.10-1.amzn2.0.1.x86_64
Default locale: en_US, platform encoding: UTF-8
OS name: "linux", version: "5.10.173-154.642.amzn2.x86_64", arch: "amd64", family: "unix"
[root@ip-172-31-45-63 ~]# 
[root@ip-172-31-45-63 ~]# 
[root@ip-172-31-45-63 ~]# 
[root@ip-172-31-45-63 ~]# history
    1  amazon-linux-extras install epel
    2  amazon-linux-extras install java-openjdk11
    3  yum install git -y
    4  sudo wget https://dlcdn.apache.org/maven/maven-3/3.9.1/binaries/apache-maven-3.9.1-bin.tar.gz
    5  sudo tar xf apache-maven-3.9.1-bin.tar.gz -C /opt
    6  sudo ln -s /opt/apache-maven-3.9.1 /opt/maven
    7  cd /usr/lib/jvm/
    8  ls
    9  ls -a
   10  cd ~
   11  cd /opt/
   12  ls
   13  cd ~
   14  vi export JAVA_HOME="/usr/lib/jvm/java-11-openjdk-11.0.18.0.10-1.amzn2.0.1.x86_64"
   15  ls -a
   16  vi .ssh
   17  mkdir ?
   18  ls
   19  rm -r ?
   20  ls
   21  rm -r ?
   22  ls
   23  ls -a
   24  rm -r .ssh
   25  ls
   26  ls -a
   27  cd .ssh/
   28  ls
   29  cd ~
   30  rm -r .ssh
   31  ls -a
   32  nkdir .ssh
   33  mkdir .ssh
   34  ls
   35  ls -a
   36  vi .bash_profile 
   37  vi .bash
   38  vi .bashrc
   39  source ~/.bash_profile
   40  source ~/.bashrc
   41  mvn --version
   42  history
[root@ip-172-31-45-63 ~]# 
[root@ip-172-31-45-63 ~]# 
[root@ip-172-31-45-63 ~]# useradd -m -d /home/devopsadmin devopsadmin
[root@ip-172-31-45-63 ~]# su - devopsadmin
[devopsadmin@ip-172-31-45-63 ~]$ ls
[devopsadmin@ip-172-31-45-63 ~]$ ls -a
.  ..  .bash_logout  .bash_profile  .bashrc
[devopsadmin@ip-172-31-45-63 ~]$ cd /home
[devopsadmin@ip-172-31-45-63 home]$ ls
devopsadmin  ec2-user
[devopsadmin@ip-172-31-45-63 home]$ cd.
-bash: cd.: command not found
[devopsadmin@ip-172-31-45-63 home]$ cd..
-bash: cd..: command not found
[devopsadmin@ip-172-31-45-63 home]$ cd ..
[devopsadmin@ip-172-31-45-63 /]$ cd ~
[devopsadmin@ip-172-31-45-63 ~]$ ls -a
.  ..  .bash_logout  .bash_profile  .bashrc
[devopsadmin@ip-172-31-45-63 ~]$ ssh-keygen
Generating public/private rsa key pair.
Enter file in which to save the key (/home/devopsadmin/.ssh/id_rsa): 
Created directory '/home/devopsadmin/.ssh'.
Enter passphrase (empty for no passphrase): 

[devopsadmin@ip-172-31-45-63 ~]$ 
[devopsadmin@ip-172-31-45-63 ~]$ ls -a
.  ..  .bash_logout  .bash_profile  .bashrc  .ssh
[devopsadmin@ip-172-31-45-63 ~]$ ls ~/.ssh/
[devopsadmin@ip-172-31-45-63 ~]$ cd .ssh/
[devopsadmin@ip-172-31-45-63 .ssh]$ ls
[devopsadmin@ip-172-31-45-63 .ssh]$ ls -a
.  ..
[devopsadmin@ip-172-31-45-63 .ssh]$ cd ~
[devopsadmin@ip-172-31-45-63 ~]$ ssh-keygen
Generating public/private rsa key pair.
Enter file in which to save the key (/home/devopsadmin/.ssh/id_rsa): 
Enter passphrase (empty for no passphrase): 
Enter same passphrase again: 
Your identification has been saved in /home/devopsadmin/.ssh/id_rsa.
Your public key has been saved in /home/devopsadmin/.ssh/id_rsa.pub.
The key fingerprint is:
SHA256:yvyxmyfiVVqonzQ1zxYFHG6uSxsbQP90QlDu1zrUmTc devopsadmin@ip-172-31-45-63.ap-south-1.compute.internal
The key's randomart image is:
+---[RSA 2048]----+
|          .o+.   |
|           +..   |
|        .   = .  |
|       . o = . oo|
|        S * * +E+|
|     o o * B * .o|
|      = * = = o  |
|      .=.B.B   . |
|     ...B++      |
+----[SHA256]-----+
[devopsadmin@ip-172-31-45-63 ~]$ cd .ssh/
[devopsadmin@ip-172-31-45-63 .ssh]$ ls
id_rsa  id_rsa.pub
[devopsadmin@ip-172-31-45-63 .ssh]$ cat id_rsa
-----BEGIN RSA PRIVATE KEY-----
MIIEowIBAAKCAQEAv0aLbO2iOr4q6xr8LlyUK6hFUhh73mVleJ37SQ9wlexQZfjZ
K+kU0s9MqaLdg8I6DKaRlPlRELB3ddyhw+bMgyy627cwn3TPGiwFKzsx3mmhZKib
YQNZ1QXNoJrQjt8x4IH3jki6uC/cuhq7sDaLWvlG8/cQZiFnmbw4MlklhBIlKIv4
FXdZTYIRbTr7qERflhFihiMttQ2Wjg5SHfSk6On5w6d8Bi6sb/kicVsp5t4dne0P
thhp+49sBN6edW/nth9N3+JMYe0OsCULy8KQj1SO8kRR6EJJSKYj4cs6GBd9UqFT
i+qhJuRqTT1bO+CZcXYocsjP6tr01+3j03EnmQIDAQABAoIBAQCZyUpIZjdNK6Cu
LqAbVmv7PeueOfk9siCHfd2PvE40/C8YDZ/uYhRP+kQVD9EyInMxwKrEMEAxPvCN
XrrhGyvLO6dxCDSbv/rTfBkbzRgnTp5oo/dpZJxRXb0aJ98PP/yGGXjEeU1G0ZSS
PPQylWgt2MZnWHli4/C79kzojixPpjHYi9Tj+tKeQiFS8PcAe4nAeD8giINih9vg
DtCz90B782/HQklvG70Tdl+GkUqs0GR0pWxW6UsnXZid2qdEgmcT6Y8kCdof94B8
f7BJnp9sYtotC92q7V93aSZAT8t++A5TOIfid8vIykipYyhNOuSoE3RQ/3FlaxCn
SBryF2nRAoGBAPI5c8SQrvoAn0GI6F8cnmspTF0kxXuIW2h5TXiAJg6dOD8fsXvo
+mPVkQWOWomD9NKArHFBFWLz+wHePmbl1/QUjSdYRlpqc9AVkSITK/ONfOioEafg
hXT1gmIgpMcwVPCJw9YQ9SA1qeExkMmnYDNpDOmj4Y26lusmGm1VN0fLAoGBAMon
U9YVGUMYx9cTv8zK1ZNuaWmdksURm++pE935uoKJFe40UuPewhInYaB8sxR+EJAP
WSO2Vwd+KRUcmgMiBK9oWuK8vG2EaxM/TAEm10iXkWJjlntbOrqITqiKudW7TEAz
MUXsm9haKRi0ilZ1/px4vMAAThIRCJl+FwDomDmrAoGAG5No15b1JKcPemGAuttC
Ocbw16XJCcBDT8iHhlFog79oWN9d0FJ8twLoSK6lJgSsyY42k4oqSiKmj9biWcqO
5E22qCUHlWGLH8RkynFOTqLr9nyzzd3ks6UDm/JFcBvTf7LfZa52iZ0yYt3Gsv5o
GFI8UxkCI6V7avfiiFHsQjMCgYAqu9GPKfqjInPsVXJwOliXx/lkqDjEjApoyVc3
z3jL62rFZi43mXlxGP4cTQAWTuf1bCkt0XfoT5Ujr14nV2OiKO89iyRSCnIQKYtJ
mwpbgB7tq5u+C/UIRZRLMLhEJEnkMG40F+aB/908Kb4stNjT/vn3pJjcXNlyiSMX
wBOd7QKBgGpAn++9pqV+8osEUBS6YAUrlQpct/p3bbLEFv8DtSAaxDBaMvwHv0yR
iccRS3ulGB4Xk7WjxOXq1bSLR8qg5+pP4GzXBe9W4RVqquQODCoN+gtWYJbkLPD5
x1sJnRHNB6aTh1B+B7kZQxTcrug+ospmr2+U+X8oBmmcJkf+nLGi
-----END RSA PRIVATE KEY-----
[devopsadmin@ip-172-31-45-63 .ssh]$ ll
total 8
-rw------- 1 devopsadmin devopsadmin 1675 Mar 27 15:52 id_rsa
-rw-r--r-- 1 devopsadmin devopsadmin  437 Mar 27 15:52 id_rsa.pub
[devopsadmin@ip-172-31-45-63 .ssh]$ cat id_rsa.pub > authorized_keys
[devopsadmin@ip-172-31-45-63 .ssh]$ ll
total 12
-rw-rw-r-- 1 devopsadmin devopsadmin  437 Mar 27 16:42 authorized_keys
-rw------- 1 devopsadmin devopsadmin 1675 Mar 27 15:52 id_rsa
-rw-r--r-- 1 devopsadmin devopsadmin  437 Mar 27 15:52 id_rsa.pub
[devopsadmin@ip-172-31-45-63 .ssh]$ chown -R devopsadmin /home/devopsadmin/.ssh
[devopsadmin@ip-172-31-45-63 .ssh]$ chmod 600 /home/devopsadmin/.ssh/authorized_keys
[devopsadmin@ip-172-31-45-63 .ssh]$ chmod 700 /home/devopsadmin/.ssh
[devopsadmin@ip-172-31-45-63 .ssh]$ 
[devopsadmin@ip-172-31-45-63 .ssh]$ ll
total 12
-rw------- 1 devopsadmin devopsadmin  437 Mar 27 16:42 authorized_keys
-rw------- 1 devopsadmin devopsadmin 1675 Mar 27 15:52 id_rsa
-rw-r--r-- 1 devopsadmin devopsadmin  437 Mar 27 15:52 id_rsa.pub
[devopsadmin@ip-172-31-45-63 .ssh]$ 
[devopsadmin@ip-172-31-45-63 .ssh]$ 
